
> fem@0.0.0 build
> ng build

[33mΓ¥»[39m Building...
[32mΓ£ö[39m Building...
[1mInitial chunk files[22m[2m | [22m[1mNames[22m        [2m | [22m [1mRaw size[22m[2m | [22m[1mEstimated transfer size[22m
[32mmain-HYTYPTM4.js[39m   [2m | [22m[2mmain[22m         [2m | [22m[36m356.58 kB[39m[2m | [22m               [36m88.41 kB[39m
[32mstyles-YSCGOMTJ.css[39m[2m | [22m[2mstyles[22m       [2m | [22m [36m42.63 kB[39m[2m | [22m                [36m6.54 kB[39m

[1m [22m                  [2m | [22m[1mInitial total[22m[2m | [22m[1m399.21 kB[22m[2m | [22m               [1m94.95 kB[22m

Application bundle generation complete. [6.128 seconds] - 2026-02-25T12:49:54.970Z

node.exe : 
[1m[33m[33mΓû▓ [43;33m[
[43;30mWARNING[43;33m][0m 
[1mNG8107: The left side 
of this optional chain 
operation does not include 
'null' or 'undefined' in 
its type, therefore the 
'?.' operator can be 
replaced with the '.' 
operator.[0m 
[1m[35m[plugin 
angular-compiler][0m
At 
C:\nvm4w\nodejs\npm.ps1:29 
char:3
+   & $NODE_EXE $NPM_CLI_JS 
$args
+   ~~~~~~~~~~~~~~~~~~~~~~~~
~~~~~
    + CategoryInfo          
    : NotSpecified: ([1m  
  [33m[33mΓ...r-compiler   
 ][0m:String) [], Remot    
eException
    + FullyQualifiedErrorId 
    : NativeCommandError
 

    src/app/pages/inspectors
-overview/inspectors-overvie
w.component.html:231:41:
[37m      231 Γöé          
 [disabled]="selectedInspect
or?.[32mstatus[37m === 
'busy'"
          Γò╡               
                           
[32m~~~~~~[0m

  Warning occurs in the 
template of component 
InspectorsOverviewComponent.

    src/app/pages/inspectors
-overview/inspectors-overvie
w.component.ts:24:15:
[37m      24 Γöé   
templateUrl: [32m'./inspect
ors-overview.component.html'
[37m,
         Γò╡                
[32m~~~~~~~~~~~~~~~~~~~~~~~
~~~~~~~~~~~~~~~[0m


[33mΓû▓ [43;33m[[43;30mWA
RNING[43;33m][0m 
[1mNG8103: The `*ngIf` 
directive was used in the 
template, but neither the 
`NgIf` directive nor the 
`CommonModule` was 
imported. Use Angular's 
built-in control flow @if 
or make sure that either 
the `NgIf` directive or the 
`CommonModule` is included 
in the `@Component.imports` 
array of this 
component.[0m 
[1m[35m[plugin 
angular-compiler][0m

    src/app/pages/service-re
quests/service-requests.comp
onent.html:213:8:
[37m      213 Γöé   <div 
*[32mngIf[37m="showModal" 
class="modal-overlay">
          Γò╡         
[32m~~~~[0m

  Warning occurs in the 
template of component 
ServiceRequestsComponent.

    src/app/pages/service-re
quests/service-requests.comp
onent.ts:17:15:
[37m      17 Γöé   
templateUrl: [32m'./service
-requests.component.html'[3
7m,
         Γò╡                
[32m~~~~~~~~~~~~~~~~~~~~~~~
~~~~~~~~~~~~[0m


[33mΓû▓ [43;33m[[43;30mWA
RNING[43;33m][0m 
[1mNG8103: The `*ngFor` 
directive was used in the 
template, but neither the 
`NgFor` directive nor the 
`CommonModule` was 
imported. Use Angular's 
built-in control flow @for 
or make sure that either 
the `NgFor` directive or 
the `CommonModule` is 
included in the 
`@Component.imports` array 
of this component.[0m 
[1m[35m[plugin 
angular-compiler][0m

    src/app/pages/service-re
quests/service-requests.comp
onent.html:263:15:
[37m      263 Γöé          
     *[32mngFor[37m="let 
priority of priorities"
          Γò╡               
 [32m~~~~~[0m

  Warning occurs in the 
template of component 
ServiceRequestsComponent.

    src/app/pages/service-re
quests/service-requests.comp
onent.ts:17:15:
[37m      17 Γöé   
templateUrl: [32m'./service
-requests.component.html'[3
7m,
         Γò╡                
[32m~~~~~~~~~~~~~~~~~~~~~~~
~~~~~~~~~~~~[0m

[39m[22m
Output location: C:\Users\pc\Desktop\Projects\FEM\dist\FEM

